src/features/autopilot/__tests__/ProactiveAlertsPage.test.tsx(35,5): error TS2353: Object literal may only specify known properties, and 'avg_hours_per_week' does not exist in type 'AlertEvidenceItem[]'.
